// Jest Snapshot v1, https://goo.gl/fbAQLP

exports[`Header tests should render header component and have HTML header tag 1`] = `
<Fragment>
  <div
    className="ribbon dev"
  >
    <a
      href=""
    >
      <Translate
        component="span"
        contentKey="global.ribbon.dev"
      />
    </a>
  </div>
  <Connect(LoadingBar)
    className="loading-bar"
  />
  <ForwardRef($cb4e2cb36ae5e3ab01f62ab7d1672c67$var$View)
    backgroundColor="static-black"
    padding="size-150"
  >
    <header>
      <ForwardRef($e9098d18abf2a118bc3bc95f0d402bb5$var$Flex)
        justifyContent="space-between"
      >
        <ForwardRef($e9098d18abf2a118bc3bc95f0d402bb5$var$Flex)
          alignItems="center"
          justifyContent="center"
        >
          <Logo />
        </ForwardRef($e9098d18abf2a118bc3bc95f0d402bb5$var$Flex)>
        <ForwardRef($e9098d18abf2a118bc3bc95f0d402bb5$var$Flex)
          alignItems="end"
        >
          <Notifications />
          <DataStudioAvatar />
        </ForwardRef($e9098d18abf2a118bc3bc95f0d402bb5$var$Flex)>
      </ForwardRef($e9098d18abf2a118bc3bc95f0d402bb5$var$Flex)>
    </header>
  </ForwardRef($cb4e2cb36ae5e3ab01f62ab7d1672c67$var$View)>
</Fragment>
`;
