// Jest Snapshot v1, https://goo.gl/fbAQLP

exports[`Login Footer Renders Login Footer 1`] = `
<ForwardRef($e9098d18abf2a118bc3bc95f0d402bb5$var$Flex)
  direction="row-reverse"
>
  <ForwardRef($fe1955053990ab873941970c7463$var$Text)
    marginEnd="size-300"
  >
    Dx26
     
    Â©
     
    2020
  </ForwardRef($fe1955053990ab873941970c7463$var$Text)>
</ForwardRef($e9098d18abf2a118bc3bc95f0d402bb5$var$Flex)>
`;
